Docker v2 registry '**************' is not supported in kaniko. Refer issue: https://github.com/GoogleContainerTools/kaniko/issues/1209

Using v1 registry instead: https://index.docker.io/v1/

+ /kaniko/executor --dockerfile=Dockerfile --context=dir://. --destination=**************/maven-firefox:2.0.9 --snapshot-mode=redo --digest-file=/kaniko/digest-file

INFO[0000] Retrieving image manifest maven:3.9.9-eclipse-temurin-21 

INFO[0000] Retrieving image maven:3.9.9-eclipse-temurin-21 from registry index.docker.io 

INFO[0000] Built cross stage deps: map[]                

INFO[0000] Retrieving image manifest maven:3.9.9-eclipse-temurin-21 

INFO[0000] Returning cached image manifest              

INFO[0000] Executing 0 build triggers                   

INFO[0000] Building stage 'maven:3.9.9-eclipse-temurin-21' [idx: '0', base-idx: '-1'] 

INFO[0000] Unpacking rootfs as cmd RUN apt-get update -qqy     &amp;&amp; apt-get install -qqy --no-install-recommends     wget     curl     bzip2     unzip     xvfb     xz-utils     libgtk-3-0     libdbus-glib-1-2     libxtst6     libnss3     libxss1     libgbm1     libgl1     libfontconfig1     libfreetype6     libjpeg-turbo8     libpng16-16     libxcomposite1     libxdamage1     libxext6     libxfixes3     libxrandr2     libxrender1     libharfbuzz0b     libevent-2.1-7     libffi8     procps     dbus-x11     libatk1.0-0     libatk-bridge2.0-0     libx11-xcb1     libdrm2     libglib2.0-0     libsoup2.4-1     fonts-liberation     fonts-dejavu     &amp;&amp; apt-get clean &amp;&amp; rm -rf /var/lib/apt/lists/* /var/cache/apt/* requires it. 

INFO[0005] ARG FIREFOX_VERSION=138.0.4                  

INFO[0005] ARG GECKODRIVER_VERSION=0.36.0               

INFO[0005] RUN apt-get update -qqy     &amp;&amp; apt-get install -qqy --no-install-recommends     wget     curl     bzip2     unzip     xvfb     xz-utils     libgtk-3-0     libdbus-glib-1-2     libxtst6     libnss3     libxss1     libgbm1     libgl1     libfontconfig1     libfreetype6     libjpeg-turbo8     libpng16-16     libxcomposite1     libxdamage1     libxext6     libxfixes3     libxrandr2     libxrender1     libharfbuzz0b     libevent-2.1-7     libffi8     procps     dbus-x11     libatk1.0-0     libatk-bridge2.0-0     libx11-xcb1     libdrm2     libglib2.0-0     libsoup2.4-1     fonts-liberation     fonts-dejavu     &amp;&amp; apt-get clean &amp;&amp; rm -rf /var/lib/apt/lists/* /var/cache/apt/* 

INFO[0005] Initializing snapshotter ...                 

INFO[0005] Taking snapshot of full filesystem...        

INFO[0006] Cmd: /bin/sh                                 

INFO[0006] Args: [-c apt-get update -qqy     &amp;&amp; apt-get install -qqy --no-install-recommends     wget     curl     bzip2     unzip     xvfb     xz-utils     libgtk-3-0     libdbus-glib-1-2     libxtst6     libnss3     libxss1     libgbm1     libgl1     libfontconfig1     libfreetype6     libjpeg-turbo8     libpng16-16     libxcomposite1     libxdamage1     libxext6     libxfixes3     libxrandr2     libxrender1     libharfbuzz0b     libevent-2.1-7     libffi8     procps     dbus-x11     libatk1.0-0     libatk-bridge2.0-0     libx11-xcb1     libdrm2     libglib2.0-0     libsoup2.4-1     fonts-liberation     fonts-dejavu     &amp;&amp; apt-get clean &amp;&amp; rm -rf /var/lib/apt/lists/* /var/cache/apt/*] 

INFO[0006] Running: [/bin/sh -c apt-get update -qqy     &amp;&amp; apt-get install -qqy --no-install-recommends     wget     curl     bzip2     unzip     xvfb     xz-utils     libgtk-3-0     libdbus-glib-1-2     libxtst6     libnss3     libxss1     libgbm1     libgl1     libfontconfig1     libfreetype6     libjpeg-turbo8     libpng16-16     libxcomposite1     libxdamage1     libxext6     libxfixes3     libxrandr2     libxrender1     libharfbuzz0b     libevent-2.1-7     libffi8     procps     dbus-x11     libatk1.0-0     libatk-bridge2.0-0     libx11-xcb1     libdrm2     libglib2.0-0     libsoup2.4-1     fonts-liberation     fonts-dejavu     &amp;&amp; apt-get clean &amp;&amp; rm -rf /var/lib/apt/lists/* /var/cache/apt/*] 

debconf: delaying package configuration, since apt-utils is not installed

Selecting previously unselected package libdbus-1-3:amd64.

(Reading database ... 
(Reading database ... 5%
(Reading database ... 10%
(Reading database ... 15%
(Reading database ... 20%
(Reading database ... 25%
(Reading database ... 30%
(Reading database ... 35%
(Reading database ... 40%
(Reading database ... 45%
(Reading database ... 50%
(Reading database ... 55%
(Reading database ... 60%
(Reading database ... 65%
(Reading database ... 70%
(Reading database ... 75%
(Reading database ... 80%
(Reading database ... 85%
(Reading database ... 90%
(Reading database ... 95%
(Reading database ... 100%
(Reading database ... 10039 files and directories currently installed.)

Preparing to unpack .../000-libdbus-1-3_1.14.10-4ubuntu4.1_amd64.deb ...

Unpacking libdbus-1-3:amd64 (1.14.10-4ubuntu4.1) ...

Selecting previously unselected package dbus-bin.

Preparing to unpack .../001-dbus-bin_1.14.10-4ubuntu4.1_amd64.deb ...

Unpacking dbus-bin (1.14.10-4ubuntu4.1) ...

Selecting previously unselected package dbus-session-bus-common.

Preparing to unpack .../002-dbus-session-bus-common_1.14.10-4ubuntu4.1_all.deb ...

Unpacking dbus-session-bus-common (1.14.10-4ubuntu4.1) ...

Selecting previously unselected package libapparmor1:amd64.

Preparing to unpack .../003-libapparmor1_4.0.1really4.0.1-0ubuntu0.24.04.4_amd64.deb ...

Unpacking libapparmor1:amd64 (4.0.1really4.0.1-0ubuntu0.24.04.4) ...

Selecting previously unselected package dbus-daemon.

Preparing to unpack .../004-dbus-daemon_1.14.10-4ubuntu4.1_amd64.deb ...

Unpacking dbus-daemon (1.14.10-4ubuntu4.1) ...

Selecting previously unselected package libelf1t64:amd64.

Preparing to unpack .../005-libelf1t64_0.190-1.1ubuntu0.1_amd64.deb ...

Unpacking libelf1t64:amd64 (0.190-1.1ubuntu0.1) ...

Selecting previously unselected package libfribidi0:amd64.

Preparing to unpack .../006-libfribidi0_1.0.13-3build1_amd64.deb ...

Unpacking libfribidi0:amd64 (1.0.13-3build1) ...

Selecting previously unselected package libglib2.0-0t64:amd64.

Preparing to unpack .../007-libglib2.0-0t64_2.80.0-6ubuntu3.2_amd64.deb ...

Unpacking libglib2.0-0t64:amd64 (2.80.0-6ubuntu3.2) ...

Selecting previously unselected package libicu74:amd64.

Preparing to unpack .../008-libicu74_74.2-1ubuntu3.1_amd64.deb ...

Unpacking libicu74:amd64 (74.2-1ubuntu3.1) ...

Selecting previously unselected package libxml2:amd64.

Preparing to unpack .../009-libxml2_2.9.14+dfsg-1.3ubuntu3.3_amd64.deb ...

Unpacking libxml2:amd64 (2.9.14+dfsg-1.3ubuntu3.3) ...

Selecting previously unselected package shared-mime-info.

Preparing to unpack .../010-shared-mime-info_2.4-4_amd64.deb ...

Unpacking shared-mime-info (2.4-4) ...

Selecting previously unselected package xkb-data.

Preparing to unpack .../011-xkb-data_2.41-2ubuntu1.1_all.deb ...

Unpacking xkb-data (2.41-2ubuntu1.1) ...

Selecting previously unselected package libdrm-common.

Preparing to unpack .../012-libdrm-common_2.4.122-1~ubuntu0.24.04.1_all.deb ...

Unpacking libdrm-common (2.4.122-1~ubuntu0.24.04.1) ...

Selecting previously unselected package libdrm2:amd64.

Preparing to unpack .../013-libdrm2_2.4.122-1~ubuntu0.24.04.1_amd64.deb ...

Unpacking libdrm2:amd64 (2.4.122-1~ubuntu0.24.04.1) ...

Selecting previously unselected package libsensors-config.

Preparing to unpack .../014-libsensors-config_1%3a3.6.0-9build1_all.deb ...

Unpacking libsensors-config (1:3.6.0-9build1) ...

Selecting previously unselected package libsensors5:amd64.

Preparing to unpack .../015-libsensors5_1%3a3.6.0-9build1_amd64.deb ...

Unpacking libsensors5:amd64 (1:3.6.0-9build1) ...

Selecting previously unselected package libxau6:amd64.

Preparing to unpack .../016-libxau6_1%3a1.0.9-1build6_amd64.deb ...

Unpacking libxau6:amd64 (1:1.0.9-1build6) ...

Selecting previously unselected package libxdmcp6:amd64.

Preparing to unpack .../017-libxdmcp6_1%3a1.1.3-0ubuntu6_amd64.deb ...

Unpacking libxdmcp6:amd64 (1:1.1.3-0ubuntu6) ...

Selecting previously unselected package libxcb1:amd64.

Preparing to unpack .../018-libxcb1_1.15-1ubuntu2_amd64.deb ...

Unpacking libxcb1:amd64 (1.15-1ubuntu2) ...

Selecting previously unselected package libx11-data.

Preparing to unpack .../019-libx11-data_2%3a1.8.7-1build1_all.deb ...

Unpacking libx11-data (2:1.8.7-1build1) ...

Selecting previously unselected package libx11-6:amd64.

Preparing to unpack .../020-libx11-6_2%3a1.8.7-1build1_amd64.deb ...

Unpacking libx11-6:amd64 (2:1.8.7-1build1) ...

Selecting previously unselected package libxext6:amd64.

Preparing to unpack .../021-libxext6_2%3a1.3.4-1build2_amd64.deb ...

Unpacking libxext6:amd64 (2:1.3.4-1build2) ...

Selecting previously unselected package libxkbcommon0:amd64.

Preparing to unpack .../022-libxkbcommon0_1.6.0-1build1_amd64.deb ...

Unpacking libxkbcommon0:amd64 (1.6.0-1build1) ...

Selecting previously unselected package libxmuu1:amd64.

Preparing to unpack .../023-libxmuu1_2%3a1.1.3-3build2_amd64.deb ...

Unpacking libxmuu1:amd64 (2:1.1.3-3build2) ...

Selecting previously unselected package xauth.

Preparing to unpack .../024-xauth_1%3a1.1.2-1build1_amd64.deb ...

Unpacking xauth (1:1.1.2-1build1) ...

Selecting previously unselected package xz-utils.

Preparing to unpack .../025-xz-utils_5.6.1+really5.4.5-1ubuntu0.2_amd64.deb ...

Unpacking xz-utils (5.6.1+really5.4.5-1ubuntu0.2) ...

Selecting previously unselected package libgdk-pixbuf2.0-common.

Preparing to unpack .../026-libgdk-pixbuf2.0-common_2.42.10+dfsg-3ubuntu3.1_all.deb ...

Unpacking libgdk-pixbuf2.0-common (2.42.10+dfsg-3ubuntu3.1) ...

Selecting previously unselected package libjpeg-turbo8:amd64.

Preparing to unpack .../027-libjpeg-turbo8_2.1.5-2ubuntu2_amd64.deb ...

Unpacking libjpeg-turbo8:amd64 (2.1.5-2ubuntu2) ...

Selecting previously unselected package libjpeg8:amd64.

Preparing to unpack .../028-libjpeg8_8c-2ubuntu11_amd64.deb ...

Unpacking libjpeg8:amd64 (8c-2ubuntu11) ...

Selecting previously unselected package libdeflate0:amd64.

Preparing to unpack .../029-libdeflate0_1.19-1build1.1_amd64.deb ...

Unpacking libdeflate0:amd64 (1.19-1build1.1) ...

Selecting previously unselected package libjbig0:amd64.

Preparing to unpack .../030-libjbig0_2.1-6.1ubuntu2_amd64.deb ...

Unpacking libjbig0:amd64 (2.1-6.1ubuntu2) ...

Selecting previously unselected package liblerc4:amd64.

Preparing to unpack .../031-liblerc4_4.0.0+ds-4ubuntu2_amd64.deb ...

Unpacking liblerc4:amd64 (4.0.0+ds-4ubuntu2) ...

Selecting previously unselected package libsharpyuv0:amd64.

Preparing to unpack .../032-libsharpyuv0_1.3.2-0.4build3_amd64.deb ...

Unpacking libsharpyuv0:amd64 (1.3.2-0.4build3) ...

Selecting previously unselected package libwebp7:amd64.

Preparing to unpack .../033-libwebp7_1.3.2-0.4build3_amd64.deb ...

Unpacking libwebp7:amd64 (1.3.2-0.4build3) ...

Selecting previously unselected package libtiff6:amd64.

Preparing to unpack .../034-libtiff6_4.5.1+git230720-4ubuntu2.2_amd64.deb ...

Unpacking libtiff6:amd64 (4.5.1+git230720-4ubuntu2.2) ...

Selecting previously unselected package libgdk-pixbuf-2.0-0:amd64.

Preparing to unpack .../035-libgdk-pixbuf-2.0-0_2.42.10+dfsg-3ubuntu3.1_amd64.deb ...

Unpacking libgdk-pixbuf-2.0-0:amd64 (2.42.10+dfsg-3ubuntu3.1) ...

Selecting previously unselected package gtk-update-icon-cache.

Preparing to unpack .../036-gtk-update-icon-cache_3.24.41-4ubuntu1.3_amd64.deb ...

Unpacking gtk-update-icon-cache (3.24.41-4ubuntu1.3) ...

Selecting previously unselected package hicolor-icon-theme.

Preparing to unpack .../037-hicolor-icon-theme_0.17-2_all.deb ...

Unpacking hicolor-icon-theme (0.17-2) ...

Selecting previously unselected package humanity-icon-theme.

Preparing to unpack .../038-humanity-icon-theme_0.6.16_all.deb ...

Unpacking humanity-icon-theme (0.6.16) ...

Selecting previously unselected package ubuntu-mono.

Preparing to unpack .../039-ubuntu-mono_24.04-0ubuntu1_all.deb ...

Unpacking ubuntu-mono (24.04-0ubuntu1) ...

Selecting previously unselected package adwaita-icon-theme.

Preparing to unpack .../040-adwaita-icon-theme_46.0-1_all.deb ...

Unpacking adwaita-icon-theme (46.0-1) ...

Selecting previously unselected package at-spi2-common.

Preparing to unpack .../041-at-spi2-common_2.52.0-1build1_all.deb ...

Unpacking at-spi2-common (2.52.0-1build1) ...

Selecting previously unselected package bzip2.

Preparing to unpack .../042-bzip2_1.0.8-5.1build0.1_amd64.deb ...

Unpacking bzip2 (1.0.8-5.1build0.1) ...

Selecting previously unselected package dbus-x11.

Preparing to unpack .../043-dbus-x11_1.14.10-4ubuntu4.1_amd64.deb ...

Unpacking dbus-x11 (1.14.10-4ubuntu4.1) ...

Selecting previously unselected package libdconf1:amd64.

Preparing to unpack .../044-libdconf1_0.40.0-4build2_amd64.deb ...

Unpacking libdconf1:amd64 (0.40.0-4build2) ...

Selecting previously unselected package dconf-service.

Preparing to unpack .../045-dconf-service_0.40.0-4build2_amd64.deb ...

Unpacking dconf-service (0.40.0-4build2) ...

Selecting previously unselected package dconf-gsettings-backend:amd64.

Preparing to unpack .../046-dconf-gsettings-backend_0.40.0-4build2_amd64.deb ...

Unpacking dconf-gsettings-backend:amd64 (0.40.0-4build2) ...

Selecting previously unselected package fonts-dejavu-extra.

Preparing to unpack .../047-fonts-dejavu-extra_2.37-8_all.deb ...

Unpacking fonts-dejavu-extra (2.37-8) ...

Selecting previously unselected package fonts-dejavu.

Preparing to unpack .../048-fonts-dejavu_2.37-8_all.deb ...

Unpacking fonts-dejavu (2.37-8) ...

Selecting previously unselected package fonts-liberation.

Preparing to unpack .../049-fonts-liberation_1%3a2.1.5-3_all.deb ...

Unpacking fonts-liberation (1:2.1.5-3) ...

Selecting previously unselected package libduktape207:amd64.

Preparing to unpack .../050-libduktape207_2.7.0+tests-0ubuntu3_amd64.deb ...

Unpacking libduktape207:amd64 (2.7.0+tests-0ubuntu3) ...

Selecting previously unselected package libproxy1v5:amd64.

Preparing to unpack .../051-libproxy1v5_0.5.4-4build1_amd64.deb ...

Unpacking libproxy1v5:amd64 (0.5.4-4build1) ...

Selecting previously unselected package glib-networking-common.

Preparing to unpack .../052-glib-networking-common_2.80.0-1build1_all.deb ...

Unpacking glib-networking-common (2.80.0-1build1) ...

Selecting previously unselected package glib-networking-services.

Preparing to unpack .../053-glib-networking-services_2.80.0-1build1_amd64.deb ...

Unpacking glib-networking-services (2.80.0-1build1) ...

Selecting previously unselected package session-migration.

Preparing to unpack .../054-session-migration_0.3.9build1_amd64.deb ...

Unpacking session-migration (0.3.9build1) ...

Selecting previously unselected package gsettings-desktop-schemas.

Preparing to unpack .../055-gsettings-desktop-schemas_46.1-0ubuntu1_all.deb ...

Unpacking gsettings-desktop-schemas (46.1-0ubuntu1) ...

Selecting previously unselected package glib-networking:amd64.

Preparing to unpack .../056-glib-networking_2.80.0-1build1_amd64.deb ...

Unpacking glib-networking:amd64 (2.80.0-1build1) ...

Selecting previously unselected package libatk1.0-0t64:amd64.

Preparing to unpack .../057-libatk1.0-0t64_2.52.0-1build1_amd64.deb ...

Unpacking libatk1.0-0t64:amd64 (2.52.0-1build1) ...

Selecting previously unselected package libxi6:amd64.

Preparing to unpack .../058-libxi6_2%3a1.8.1-1build1_amd64.deb ...

Unpacking libxi6:amd64 (2:1.8.1-1build1) ...

Selecting previously unselected package libatspi2.0-0t64:amd64.

Preparing to unpack .../059-libatspi2.0-0t64_2.52.0-1build1_amd64.deb ...

Unpacking libatspi2.0-0t64:amd64 (2.52.0-1build1) ...

Selecting previously unselected package libatk-bridge2.0-0t64:amd64.

Preparing to unpack .../060-libatk-bridge2.0-0t64_2.52.0-1build1_amd64.deb ...

Unpacking libatk-bridge2.0-0t64:amd64 (2.52.0-1build1) ...

Selecting previously unselected package libavahi-common-data:amd64.

Preparing to unpack .../061-libavahi-common-data_0.8-13ubuntu6_amd64.deb ...

Unpacking libavahi-common-data:amd64 (0.8-13ubuntu6) ...

Selecting previously unselected package libavahi-common3:amd64.

Preparing to unpack .../062-libavahi-common3_0.8-13ubuntu6_amd64.deb ...

Unpacking libavahi-common3:amd64 (0.8-13ubuntu6) ...

Selecting previously unselected package libavahi-client3:amd64.

Preparing to unpack .../063-libavahi-client3_0.8-13ubuntu6_amd64.deb ...

Unpacking libavahi-client3:amd64 (0.8-13ubuntu6) ...

Selecting previously unselected package libpixman-1-0:amd64.

Preparing to unpack .../064-libpixman-1-0_0.42.2-1build1_amd64.deb ...

Unpacking libpixman-1-0:amd64 (0.42.2-1build1) ...

Selecting previously unselected package libxcb-render0:amd64.

Preparing to unpack .../065-libxcb-render0_1.15-1ubuntu2_amd64.deb ...

Unpacking libxcb-render0:amd64 (1.15-1ubuntu2) ...

Selecting previously unselected package libxcb-shm0:amd64.

Preparing to unpack .../066-libxcb-shm0_1.15-1ubuntu2_amd64.deb ...

Unpacking libxcb-shm0:amd64 (1.15-1ubuntu2) ...

Selecting previously unselected package libxrender1:amd64.

Preparing to unpack .../067-libxrender1_1%3a0.9.10-1.1build1_amd64.deb ...

Unpacking libxrender1:amd64 (1:0.9.10-1.1build1) ...

Selecting previously unselected package libcairo2:amd64.

Preparing to unpack .../068-libcairo2_1.18.0-3build1_amd64.deb ...

Unpacking libcairo2:amd64 (1.18.0-3build1) ...

Selecting previously unselected package libcairo-gobject2:amd64.

Preparing to unpack .../069-libcairo-gobject2_1.18.0-3build1_amd64.deb ...

Unpacking libcairo-gobject2:amd64 (1.18.0-3build1) ...

Selecting previously unselected package liblcms2-2:amd64.

Preparing to unpack .../070-liblcms2-2_2.14-2build1_amd64.deb ...

Unpacking liblcms2-2:amd64 (2.14-2build1) ...

Selecting previously unselected package libcolord2:amd64.

Preparing to unpack .../071-libcolord2_1.4.7-1build2_amd64.deb ...

Unpacking libcolord2:amd64 (1.4.7-1build2) ...

Selecting previously unselected package libcups2t64:amd64.

Preparing to unpack .../072-libcups2t64_2.4.7-1.2ubuntu7.3_amd64.deb ...

Unpacking libcups2t64:amd64 (2.4.7-1.2ubuntu7.3) ...

Selecting previously unselected package libdatrie1:amd64.

Preparing to unpack .../073-libdatrie1_0.2.13-3build1_amd64.deb ...

Unpacking libdatrie1:amd64 (0.2.13-3build1) ...

Selecting previously unselected package libdbus-glib-1-2:amd64.

Preparing to unpack .../074-libdbus-glib-1-2_0.112-3build2_amd64.deb ...

Unpacking libdbus-glib-1-2:amd64 (0.112-3build2) ...

Selecting previously unselected package libdrm-amdgpu1:amd64.

Preparing to unpack .../075-libdrm-amdgpu1_2.4.122-1~ubuntu0.24.04.1_amd64.deb ...

Unpacking libdrm-amdgpu1:amd64 (2.4.122-1~ubuntu0.24.04.1) ...

Selecting previously unselected package libpciaccess0:amd64.

Preparing to unpack .../076-libpciaccess0_0.17-3build1_amd64.deb ...

Unpacking libpciaccess0:amd64 (0.17-3build1) ...

Selecting previously unselected package libdrm-intel1:amd64.

Preparing to unpack .../077-libdrm-intel1_2.4.122-1~ubuntu0.24.04.1_amd64.deb ...

Unpacking libdrm-intel1:amd64 (2.4.122-1~ubuntu0.24.04.1) ...

Selecting previously unselected package libdrm-radeon1:amd64.

Preparing to unpack .../078-libdrm-radeon1_2.4.122-1~ubuntu0.24.04.1_amd64.deb ...

Unpacking libdrm-radeon1:amd64 (2.4.122-1~ubuntu0.24.04.1) ...

Selecting previously unselected package libepoxy0:amd64.

Preparing to unpack .../079-libepoxy0_1.5.10-1build1_amd64.deb ...

Unpacking libepoxy0:amd64 (1.5.10-1build1) ...

Selecting previously unselected package libevent-2.1-7t64:amd64.

Preparing to unpack .../080-libevent-2.1-7t64_2.1.12-stable-9ubuntu2_amd64.deb ...

Unpacking libevent-2.1-7t64:amd64 (2.1.12-stable-9ubuntu2) ...

Selecting previously unselected package libfontenc1:amd64.

Preparing to unpack .../081-libfontenc1_1%3a1.1.8-1build1_amd64.deb ...

Unpacking libfontenc1:amd64 (1:1.1.8-1build1) ...

Selecting previously unselected package libwayland-server0:amd64.

Preparing to unpack .../082-libwayland-server0_1.22.0-2.1build1_amd64.deb ...

Unpacking libwayland-server0:amd64 (1.22.0-2.1build1) ...

Selecting previously unselected package libxcb-randr0:amd64.

Preparing to unpack .../083-libxcb-randr0_1.15-1ubuntu2_amd64.deb ...

Unpacking libxcb-randr0:amd64 (1.15-1ubuntu2) ...

Selecting previously unselected package libglapi-mesa:amd64.

Preparing to unpack .../084-libglapi-mesa_24.2.8-1ubuntu1~24.04.1_amd64.deb ...

Unpacking libglapi-mesa:amd64 (24.2.8-1ubuntu1~24.04.1) ...

Selecting previously unselected package libllvm19:amd64.

Preparing to unpack .../085-libllvm19_1%3a19.1.1-1ubuntu1~24.04.2_amd64.deb ...

Unpacking libllvm19:amd64 (1:19.1.1-1ubuntu1~24.04.2) ...

Selecting previously unselected package libx11-xcb1:amd64.

Preparing to unpack .../086-libx11-xcb1_2%3a1.8.7-1build1_amd64.deb ...

Unpacking libx11-xcb1:amd64 (2:1.8.7-1build1) ...

Selecting previously unselected package libxcb-dri2-0:amd64.

Preparing to unpack .../087-libxcb-dri2-0_1.15-1ubuntu2_amd64.deb ...

Unpacking libxcb-dri2-0:amd64 (1.15-1ubuntu2) ...

Selecting previously unselected package libxcb-dri3-0:amd64.

Preparing to unpack .../088-libxcb-dri3-0_1.15-1ubuntu2_amd64.deb ...

Unpacking libxcb-dri3-0:amd64 (1.15-1ubuntu2) ...

Selecting previously unselected package libxcb-present0:amd64.

Preparing to unpack .../089-libxcb-present0_1.15-1ubuntu2_amd64.deb ...

Unpacking libxcb-present0:amd64 (1.15-1ubuntu2) ...

Selecting previously unselected package libxcb-sync1:amd64.

Preparing to unpack .../090-libxcb-sync1_1.15-1ubuntu2_amd64.deb ...

Unpacking libxcb-sync1:amd64 (1.15-1ubuntu2) ...

Selecting previously unselected package libxcb-xfixes0:amd64.

Preparing to unpack .../091-libxcb-xfixes0_1.15-1ubuntu2_amd64.deb ...

Unpacking libxcb-xfixes0:amd64 (1.15-1ubuntu2) ...

Selecting previously unselected package libxshmfence1:amd64.

Preparing to unpack .../092-libxshmfence1_1.3-1build5_amd64.deb ...

Unpacking libxshmfence1:amd64 (1.3-1build5) ...

Selecting previously unselected package mesa-libgallium:amd64.

Preparing to unpack .../093-mesa-libgallium_24.2.8-1ubuntu1~24.04.1_amd64.deb ...

Unpacking mesa-libgallium:amd64 (24.2.8-1ubuntu1~24.04.1) ...

Selecting previously unselected package libgbm1:amd64.

Preparing to unpack .../094-libgbm1_24.2.8-1ubuntu1~24.04.1_amd64.deb ...

Unpacking libgbm1:amd64 (24.2.8-1ubuntu1~24.04.1) ...

Selecting previously unselected package libvulkan1:amd64.

Preparing to unpack .../095-libvulkan1_1.3.275.0-1build1_amd64.deb ...

Unpacking libvulkan1:amd64 (1.3.275.0-1build1) ...

Selecting previously unselected package libgl1-mesa-dri:amd64.

Preparing to unpack .../096-libgl1-mesa-dri_24.2.8-1ubuntu1~24.04.1_amd64.deb ...

Unpacking libgl1-mesa-dri:amd64 (24.2.8-1ubuntu1~24.04.1) ...

Selecting previously unselected package libxcb-glx0:amd64.

Preparing to unpack .../097-libxcb-glx0_1.15-1ubuntu2_amd64.deb ...

Unpacking libxcb-glx0:amd64 (1.15-1ubuntu2) ...

Selecting previously unselected package libxfixes3:amd64.

Preparing to unpack .../098-libxfixes3_1%3a6.0.0-2build1_amd64.deb ...

Unpacking libxfixes3:amd64 (1:6.0.0-2build1) ...

Selecting previously unselected package libxxf86vm1:amd64.

Preparing to unpack .../099-libxxf86vm1_1%3a1.1.4-1build4_amd64.deb ...

Unpacking libxxf86vm1:amd64 (1:1.1.4-1build4) ...

Selecting previously unselected package libglx-mesa0:amd64.

Preparing to unpack .../100-libglx-mesa0_24.2.8-1ubuntu1~24.04.1_amd64.deb ...

Unpacking libglx-mesa0:amd64 (24.2.8-1ubuntu1~24.04.1) ...

Selecting previously unselected package libgraphite2-3:amd64.

Preparing to unpack .../101-libgraphite2-3_1.3.14-2build1_amd64.deb ...

Unpacking libgraphite2-3:amd64 (1.3.14-2build1) ...

Selecting previously unselected package libharfbuzz0b:amd64.

Preparing to unpack .../102-libharfbuzz0b_8.3.0-2build2_amd64.deb ...

Unpacking libharfbuzz0b:amd64 (8.3.0-2build2) ...

Selecting previously unselected package libthai-data.

Preparing to unpack .../103-libthai-data_0.1.29-2build1_all.deb ...

Unpacking libthai-data (0.1.29-2build1) ...

Selecting previously unselected package libthai0:amd64.

Preparing to unpack .../104-libthai0_0.1.29-2build1_amd64.deb ...

Unpacking libthai0:amd64 (0.1.29-2build1) ...

Selecting previously unselected package libpango-1.0-0:amd64.

Preparing to unpack .../105-libpango-1.0-0_1.52.1+ds-1build1_amd64.deb ...

Unpacking libpango-1.0-0:amd64 (1.52.1+ds-1build1) ...

Selecting previously unselected package libpangoft2-1.0-0:amd64.

Preparing to unpack .../106-libpangoft2-1.0-0_1.52.1+ds-1build1_amd64.deb ...

Unpacking libpangoft2-1.0-0:amd64 (1.52.1+ds-1build1) ...

Selecting previously unselected package libpangocairo-1.0-0:amd64.

Preparing to unpack .../107-libpangocairo-1.0-0_1.52.1+ds-1build1_amd64.deb ...

Unpacking libpangocairo-1.0-0:amd64 (1.52.1+ds-1build1) ...

Selecting previously unselected package libwayland-client0:amd64.

Preparing to unpack .../108-libwayland-client0_1.22.0-2.1build1_amd64.deb ...

Unpacking libwayland-client0:amd64 (1.22.0-2.1build1) ...

Selecting previously unselected package libwayland-cursor0:amd64.

Preparing to unpack .../109-libwayland-cursor0_1.22.0-2.1build1_amd64.deb ...

Unpacking libwayland-cursor0:amd64 (1.22.0-2.1build1) ...

Selecting previously unselected package libwayland-egl1:amd64.

Preparing to unpack .../110-libwayland-egl1_1.22.0-2.1build1_amd64.deb ...

Unpacking libwayland-egl1:amd64 (1.22.0-2.1build1) ...

Selecting previously unselected package libxcomposite1:amd64.

Preparing to unpack .../111-libxcomposite1_1%3a0.4.5-1build3_amd64.deb ...

Unpacking libxcomposite1:amd64 (1:0.4.5-1build3) ...

Selecting previously unselected package libxcursor1:amd64.

Preparing to unpack .../112-libxcursor1_1%3a1.2.1-1build1_amd64.deb ...

Unpacking libxcursor1:amd64 (1:1.2.1-1build1) ...

Selecting previously unselected package libxdamage1:amd64.

Preparing to unpack .../113-libxdamage1_1%3a1.1.6-1build1_amd64.deb ...

Unpacking libxdamage1:amd64 (1:1.1.6-1build1) ...

Selecting previously unselected package libxinerama1:amd64.

Preparing to unpack .../114-libxinerama1_2%3a1.1.4-3build1_amd64.deb ...

Unpacking libxinerama1:amd64 (2:1.1.4-3build1) ...

Selecting previously unselected package libxrandr2:amd64.

Preparing to unpack .../115-libxrandr2_2%3a1.5.2-2build1_amd64.deb ...

Unpacking libxrandr2:amd64 (2:1.5.2-2build1) ...

Selecting previously unselected package libgtk-3-common.

Preparing to unpack .../116-libgtk-3-common_3.24.41-4ubuntu1.3_all.deb ...

Unpacking libgtk-3-common (3.24.41-4ubuntu1.3) ...

Selecting previously unselected package libgtk-3-0t64:amd64.

Preparing to unpack .../117-libgtk-3-0t64_3.24.41-4ubuntu1.3_amd64.deb ...

Unpacking libgtk-3-0t64:amd64 (3.24.41-4ubuntu1.3) ...

Selecting previously unselected package x11-common.

Preparing to unpack .../118-x11-common_1%3a7.7+23ubuntu3_all.deb ...

Unpacking x11-common (1:7.7+23ubuntu3) ...

Selecting previously unselected package libice6:amd64.

Preparing to unpack .../119-libice6_2%3a1.0.10-1build3_amd64.deb ...

Unpacking libice6:amd64 (2:1.0.10-1build3) ...

Selecting previously unselected package libnspr4:amd64.

Preparing to unpack .../120-libnspr4_2%3a4.35-1.1build1_amd64.deb ...

Unpacking libnspr4:amd64 (2:4.35-1.1build1) ...

Selecting previously unselected package libnss3:amd64.

Preparing to unpack .../121-libnss3_2%3a3.98-1build1_amd64.deb ...

Unpacking libnss3:amd64 (2:3.98-1build1) ...

Selecting previously unselected package libsm6:amd64.

Preparing to unpack .../122-libsm6_2%3a1.2.3-1build3_amd64.deb ...

Unpacking libsm6:amd64 (2:1.2.3-1build3) ...

Selecting previously unselected package libsoup2.4-common.

Preparing to unpack .../123-libsoup2.4-common_2.74.3-6ubuntu1.4_all.deb ...

Unpacking libsoup2.4-common (2.74.3-6ubuntu1.4) ...

Selecting previously unselected package libsoup-2.4-1:amd64.

Preparing to unpack .../124-libsoup-2.4-1_2.74.3-6ubuntu1.4_amd64.deb ...

Unpacking libsoup-2.4-1:amd64 (2.74.3-6ubuntu1.4) ...

Selecting previously unselected package libunwind8:amd64.

Preparing to unpack .../125-libunwind8_1.6.2-3build1.1_amd64.deb ...

Unpacking libunwind8:amd64 (1.6.2-3build1.1) ...

Selecting previously unselected package libxt6t64:amd64.

Preparing to unpack .../126-libxt6t64_1%3a1.2.1-1.2build1_amd64.deb ...

Unpacking libxt6t64:amd64 (1:1.2.1-1.2build1) ...

Selecting previously unselected package libxmu6:amd64.

Preparing to unpack .../127-libxmu6_2%3a1.1.3-3build2_amd64.deb ...

Unpacking libxmu6:amd64 (2:1.1.3-3build2) ...

Selecting previously unselected package libxpm4:amd64.

Preparing to unpack .../128-libxpm4_1%3a3.5.17-1build2_amd64.deb ...

Unpacking libxpm4:amd64 (1:3.5.17-1build2) ...

Selecting previously unselected package libxaw7:amd64.

Preparing to unpack .../129-libxaw7_2%3a1.0.14-1build2_amd64.deb ...

Unpacking libxaw7:amd64 (2:1.0.14-1build2) ...

Selecting previously unselected package libxfont2:amd64.

Preparing to unpack .../130-libxfont2_1%3a2.0.6-1build1_amd64.deb ...

Unpacking libxfont2:amd64 (1:2.0.6-1build1) ...

Selecting previously unselected package libxkbfile1:amd64.

Preparing to unpack .../131-libxkbfile1_1%3a1.1.0-1build4_amd64.deb ...

Unpacking libxkbfile1:amd64 (1:1.1.0-1build4) ...

Selecting previously unselected package libxss1:amd64.

Preparing to unpack .../132-libxss1_1%3a1.2.3-1build3_amd64.deb ...

Unpacking libxss1:amd64 (1:1.2.3-1build3) ...

Selecting previously unselected package libxtst6:amd64.

Preparing to unpack .../133-libxtst6_2%3a1.2.3-1.1build1_amd64.deb ...

Unpacking libxtst6:amd64 (2:1.2.3-1.1build1) ...

Selecting previously unselected package unzip.

Preparing to unpack .../134-unzip_6.0-28ubuntu4.1_amd64.deb ...

Unpacking unzip (6.0-28ubuntu4.1) ...

Selecting previously unselected package x11-xkb-utils.

Preparing to unpack .../135-x11-xkb-utils_7.7+8build2_amd64.deb ...

Unpacking x11-xkb-utils (7.7+8build2) ...

Selecting previously unselected package xserver-common.

Preparing to unpack .../136-xserver-common_2%3a21.1.12-1ubuntu1.3_all.deb ...

Unpacking xserver-common (2:21.1.12-1ubuntu1.3) ...

Selecting previously unselected package libglvnd0:amd64.

Preparing to unpack .../137-libglvnd0_1.7.0-1build1_amd64.deb ...

Unpacking libglvnd0:amd64 (1.7.0-1build1) ...

Selecting previously unselected package libglx0:amd64.

Preparing to unpack .../138-libglx0_1.7.0-1build1_amd64.deb ...

Unpacking libglx0:amd64 (1.7.0-1build1) ...

Selecting previously unselected package libgl1:amd64.

Preparing to unpack .../139-libgl1_1.7.0-1build1_amd64.deb ...

Unpacking libgl1:amd64 (1.7.0-1build1) ...

Selecting previously unselected package xvfb.

Preparing to unpack .../140-xvfb_2%3a21.1.12-1ubuntu1.3_amd64.deb ...

Unpacking xvfb (2:21.1.12-1ubuntu1.3) ...

Setting up libgraphite2-3:amd64 (1.3.14-2build1) ...

Setting up liblcms2-2:amd64 (2.14-2build1) ...

Setting up libpixman-1-0:amd64 (0.42.2-1build1) ...

Setting up libsharpyuv0:amd64 (1.3.2-0.4build3) ...

Setting up libwayland-server0:amd64 (1.22.0-2.1build1) ...

Setting up libpciaccess0:amd64 (0.17-3build1) ...

Setting up libxau6:amd64 (1:1.0.9-1build6) ...

Setting up libxdmcp6:amd64 (1:1.1.3-0ubuntu6) ...

Setting up libapparmor1:amd64 (4.0.1really4.0.1-0ubuntu0.24.04.4) ...

Setting up libxcb1:amd64 (1.15-1ubuntu2) ...

Setting up libxcb-xfixes0:amd64 (1.15-1ubuntu2) ...

Setting up liblerc4:amd64 (4.0.0+ds-4ubuntu2) ...

Setting up hicolor-icon-theme (0.17-2) ...

Setting up libdatrie1:amd64 (0.2.13-3build1) ...

Setting up libxcb-render0:amd64 (1.15-1ubuntu2) ...

Setting up libglvnd0:amd64 (1.7.0-1build1) ...

Setting up libxcb-glx0:amd64 (1.15-1ubuntu2) ...

Setting up unzip (6.0-28ubuntu4.1) ...

Setting up libgdk-pixbuf2.0-common (2.42.10+dfsg-3ubuntu3.1) ...

Setting up x11-common (1:7.7+23ubuntu3) ...

debconf: unable to initialize frontend: Dialog

debconf: (TERM is not set, so the dialog frontend is not usable.)

debconf: falling back to frontend: Readline

debconf: unable to initialize frontend: Readline

debconf: (This frontend requires a controlling tty.)

debconf: falling back to frontend: Teletype

invoke-rc.d: could not determine current runlevel

invoke-rc.d: policy-rc.d denied execution of start.

Setting up libsensors-config (1:3.6.0-9build1) ...

Setting up libdeflate0:amd64 (1.19-1build1.1) ...

Setting up libevent-2.1-7t64:amd64 (2.1.12-stable-9ubuntu2) ...

Setting up xkb-data (2.41-2ubuntu1.1) ...

Setting up libxcb-shm0:amd64 (1.15-1ubuntu2) ...

Setting up bzip2 (1.0.8-5.1build0.1) ...

Setting up libunwind8:amd64 (1.6.2-3build1.1) ...

Setting up libjbig0:amd64 (2.1-6.1ubuntu2) ...

Setting up libelf1t64:amd64 (0.190-1.1ubuntu0.1) ...

Setting up libxcb-present0:amd64 (1.15-1ubuntu2) ...

Setting up libfontenc1:amd64 (1:1.1.8-1build1) ...

Setting up libglib2.0-0t64:amd64 (2.80.0-6ubuntu3.2) ...

Setting up libx11-data (2:1.8.7-1build1) ...

Setting up libepoxy0:amd64 (1.5.10-1build1) ...

Setting up libnspr4:amd64 (2:4.35-1.1build1) ...

Setting up libxcb-sync1:amd64 (1.15-1ubuntu2) ...

Setting up libavahi-common-data:amd64 (0.8-13ubuntu6) ...

Setting up libdbus-1-3:amd64 (1.14.10-4ubuntu4.1) ...

Setting up xz-utils (5.6.1+really5.4.5-1ubuntu0.2) ...

update-alternatives: using /usr/bin/xz to provide /usr/bin/lzma (lzma) in auto mode

update-alternatives: warning: skip creation of /usr/share/man/man1/lzma.1.gz because associated file /usr/share/man/man1/xz.1.gz (of link group lzma) doesn't exist

update-alternatives: warning: skip creation of /usr/share/man/man1/unlzma.1.gz because associated file /usr/share/man/man1/unxz.1.gz (of link group lzma) doesn't exist

update-alternatives: warning: skip creation of /usr/share/man/man1/lzcat.1.gz because associated file /usr/share/man/man1/xzcat.1.gz (of link group lzma) doesn't exist

update-alternatives: warning: skip creation of /usr/share/man/man1/lzmore.1.gz because associated file /usr/share/man/man1/xzmore.1.gz (of link group lzma) doesn't exist

update-alternatives: warning: skip creation of /usr/share/man/man1/lzless.1.gz because associated file /usr/share/man/man1/xzless.1.gz (of link group lzma) doesn't exist

update-alternatives: warning: skip creation of /usr/share/man/man1/lzdiff.1.gz because associated file /usr/share/man/man1/xzdiff.1.gz (of link group lzma) doesn't exist

update-alternatives: warning: skip creation of /usr/share/man/man1/lzcmp.1.gz because associated file /usr/share/man/man1/xzcmp.1.gz (of link group lzma) doesn't exist

update-alternatives: warning: skip creation of /usr/share/man/man1/lzgrep.1.gz because associated file /usr/share/man/man1/xzgrep.1.gz (of link group lzma) doesn't exist

update-alternatives: warning: skip creation of /usr/share/man/man1/lzegrep.1.gz because associated file /usr/share/man/man1/xzegrep.1.gz (of link group lzma) doesn't exist

update-alternatives: warning: skip creation of /usr/share/man/man1/lzfgrep.1.gz because associated file /usr/share/man/man1/xzfgrep.1.gz (of link group lzma) doesn't exist

Setting up libfribidi0:amd64 (1.0.13-3build1) ...

Setting up libsensors5:amd64 (1:3.6.0-9build1) ...

Setting up libjpeg-turbo8:amd64 (2.1.5-2ubuntu2) ...

Setting up libglapi-mesa:amd64 (24.2.8-1ubuntu1~24.04.1) ...

Setting up libvulkan1:amd64 (1.3.275.0-1build1) ...

Setting up libsoup2.4-common (2.74.3-6ubuntu1.4) ...

Setting up libwebp7:amd64 (1.3.2-0.4build3) ...

Setting up libicu74:amd64 (74.2-1ubuntu3.1) ...

Setting up libxcb-dri2-0:amd64 (1.15-1ubuntu2) ...

Setting up fonts-dejavu-extra (2.37-8) ...

Setting up libduktape207:amd64 (2.7.0+tests-0ubuntu3) ...

Setting up libxshmfence1:amd64 (1.3-1build5) ...

Setting up at-spi2-common (2.52.0-1build1) ...

Setting up libxcb-randr0:amd64 (1.15-1ubuntu2) ...

Setting up dbus-session-bus-common (1.14.10-4ubuntu4.1) ...

Setting up fonts-liberation (1:2.1.5-3) ...

Setting up libx11-6:amd64 (2:1.8.7-1build1) ...

Setting up libharfbuzz0b:amd64 (8.3.0-2build2) ...

Setting up libthai-data (0.1.29-2build1) ...

Setting up libwayland-egl1:amd64 (1.22.0-2.1build1) ...

Setting up libxkbfile1:amd64 (1:1.1.0-1build4) ...

Setting up glib-networking-common (2.80.0-1build1) ...

Setting up libdrm-common (2.4.122-1~ubuntu0.24.04.1) ...

Setting up libxcomposite1:amd64 (1:0.4.5-1build3) ...

Setting up libxfont2:amd64 (1:2.0.6-1build1) ...

Setting up libxml2:amd64 (2.9.14+dfsg-1.3ubuntu3.3) ...

Setting up libxmuu1:amd64 (2:1.1.3-3build2) ...

Setting up dbus-bin (1.14.10-4ubuntu4.1) ...

Setting up libxkbcommon0:amd64 (1.6.0-1build1) ...

Setting up libwayland-client0:amd64 (1.22.0-2.1build1) ...

Setting up libjpeg8:amd64 (8c-2ubuntu11) ...

Setting up libxcb-dri3-0:amd64 (1.15-1ubuntu2) ...

Setting up libllvm19:amd64 (1:19.1.1-1ubuntu1~24.04.2) ...

Setting up libx11-xcb1:amd64 (2:1.8.7-1build1) ...

Setting up libice6:amd64 (2:1.0.10-1build3) ...

Setting up session-migration (0.3.9build1) ...

Setting up fonts-dejavu (2.37-8) ...

Setting up libproxy1v5:amd64 (0.5.4-4build1) ...

Setting up libxdamage1:amd64 (1:1.1.6-1build1) ...

Setting up libatk1.0-0t64:amd64 (2.52.0-1build1) ...

Setting up libxpm4:amd64 (1:3.5.17-1build2) ...

Setting up libxrender1:amd64 (1:0.9.10-1.1build1) ...

Setting up libavahi-common3:amd64 (0.8-13ubuntu6) ...

Setting up libxext6:amd64 (2:1.3.4-1build2) ...

Setting up libnss3:amd64 (2:3.98-1build1) ...

Setting up dbus-daemon (1.14.10-4ubuntu4.1) ...

Setting up libcairo2:amd64 (1.18.0-3build1) ...

Setting up libcolord2:amd64 (1.4.7-1build2) ...

Setting up libxxf86vm1:amd64 (1:1.1.4-1build4) ...

Setting up libdconf1:amd64 (0.40.0-4build2) ...

Setting up libthai0:amd64 (0.1.29-2build1) ...

Setting up libxfixes3:amd64 (1:6.0.0-2build1) ...

Setting up libdbus-glib-1-2:amd64 (0.112-3build2) ...

Setting up shared-mime-info (2.4-4) ...

Setting up libxinerama1:amd64 (2:1.1.4-3build1) ...

Setting up libxrandr2:amd64 (2:1.5.2-2build1) ...

Setting up libdrm2:amd64 (2.4.122-1~ubuntu0.24.04.1) ...

Setting up xauth (1:1.1.2-1build1) ...

Setting up dbus-x11 (1.14.10-4ubuntu4.1) ...

Setting up libtiff6:amd64 (4.5.1+git230720-4ubuntu2.2) ...

Setting up libwayland-cursor0:amd64 (1.22.0-2.1build1) ...

Setting up libgdk-pixbuf-2.0-0:amd64 (2.42.10+dfsg-3ubuntu3.1) ...

Setting up libcairo-gobject2:amd64 (1.18.0-3build1) ...

Setting up libxss1:amd64 (1:1.2.3-1build3) ...

Setting up libsm6:amd64 (2:1.2.3-1build3) ...

Setting up libavahi-client3:amd64 (0.8-13ubuntu6) ...

Setting up libdrm-amdgpu1:amd64 (2.4.122-1~ubuntu0.24.04.1) ...

Setting up glib-networking-services (2.80.0-1build1) ...

Setting up gtk-update-icon-cache (3.24.41-4ubuntu1.3) ...

Setting up libxi6:amd64 (2:1.8.1-1build1) ...

Setting up libdrm-radeon1:amd64 (2.4.122-1~ubuntu0.24.04.1) ...

Setting up libxtst6:amd64 (2:1.2.3-1.1build1) ...

Setting up libxcursor1:amd64 (1:1.2.1-1build1) ...

Setting up libpango-1.0-0:amd64 (1.52.1+ds-1build1) ...

Setting up libdrm-intel1:amd64 (2.4.122-1~ubuntu0.24.04.1) ...

Setting up dconf-service (0.40.0-4build2) ...

Setting up libatspi2.0-0t64:amd64 (2.52.0-1build1) ...

Setting up libxt6t64:amd64 (1:1.2.1-1.2build1) ...

Setting up libpangoft2-1.0-0:amd64 (1.52.1+ds-1build1) ...

Setting up libcups2t64:amd64 (2.4.7-1.2ubuntu7.3) ...

Setting up libpangocairo-1.0-0:amd64 (1.52.1+ds-1build1) ...

Setting up libatk-bridge2.0-0t64:amd64 (2.52.0-1build1) ...

Setting up mesa-libgallium:amd64 (24.2.8-1ubuntu1~24.04.1) ...

Setting up libxmu6:amd64 (2:1.1.3-3build2) ...

Setting up dconf-gsettings-backend:amd64 (0.40.0-4build2) ...

Setting up libgbm1:amd64 (24.2.8-1ubuntu1~24.04.1) ...

Setting up libgl1-mesa-dri:amd64 (24.2.8-1ubuntu1~24.04.1) ...

Setting up libxaw7:amd64 (2:1.0.14-1build2) ...

Setting up libgtk-3-common (3.24.41-4ubuntu1.3) ...

Setting up gsettings-desktop-schemas (46.1-0ubuntu1) ...

Setting up libglx-mesa0:amd64 (24.2.8-1ubuntu1~24.04.1) ...

Setting up libglx0:amd64 (1.7.0-1build1) ...

Setting up x11-xkb-utils (7.7+8build2) ...

Setting up libgl1:amd64 (1.7.0-1build1) ...

Setting up xserver-common (2:21.1.12-1ubuntu1.3) ...

Setting up glib-networking:amd64 (2.80.0-1build1) ...

Setting up xvfb (2:21.1.12-1ubuntu1.3) ...

Setting up libsoup-2.4-1:amd64 (2.74.3-6ubuntu1.4) ...

Setting up adwaita-icon-theme (46.0-1) ...

update-alternatives: using /usr/share/icons/Adwaita/cursor.theme to provide /usr/share/icons/default/index.theme (x-cursor-theme) in auto mode

Setting up libgtk-3-0t64:amd64 (3.24.41-4ubuntu1.3) ...

Setting up humanity-icon-theme (0.6.16) ...

Setting up ubuntu-mono (24.04-0ubuntu1) ...

Processing triggers for fontconfig (2.15.0-1.1ubuntu2) ...

Processing triggers for libc-bin (2.39-0ubuntu8.4) ...

INFO[0026] Taking snapshot of full filesystem...        

INFO[0032] RUN wget -q -O /tmp/firefox.tar.xz "https://ftp.mozilla.org/pub/firefox/releases/${FIREFOX_VERSION}/linux-x86_64/en-US/firefox-${FIREFOX_VERSION}.tar.xz"     &amp;&amp; tar -xJf /tmp/firefox.tar.xz -C /opt/     &amp;&amp; rm /tmp/firefox.tar.xz     &amp;&amp; ln -s /opt/firefox/firefox /usr/bin/firefox     &amp;&amp; chmod -R 755 /opt/firefox 

INFO[0032] Cmd: /bin/sh                                 

INFO[0032] Args: [-c wget -q -O /tmp/firefox.tar.xz "https://ftp.mozilla.org/pub/firefox/releases/${FIREFOX_VERSION}/linux-x86_64/en-US/firefox-${FIREFOX_VERSION}.tar.xz"     &amp;&amp; tar -xJf /tmp/firefox.tar.xz -C /opt/     &amp;&amp; rm /tmp/firefox.tar.xz     &amp;&amp; ln -s /opt/firefox/firefox /usr/bin/firefox     &amp;&amp; chmod -R 755 /opt/firefox] 

INFO[0032] Running: [/bin/sh -c wget -q -O /tmp/firefox.tar.xz "https://ftp.mozilla.org/pub/firefox/releases/${FIREFOX_VERSION}/linux-x86_64/en-US/firefox-${FIREFOX_VERSION}.tar.xz"     &amp;&amp; tar -xJf /tmp/firefox.tar.xz -C /opt/     &amp;&amp; rm /tmp/firefox.tar.xz     &amp;&amp; ln -s /opt/firefox/firefox /usr/bin/firefox     &amp;&amp; chmod -R 755 /opt/firefox] 

INFO[0038] Taking snapshot of full filesystem...        

INFO[0042] RUN wget -q -O /tmp/geckodriver.tar.gz "https://github.com/mozilla/geckodriver/releases/download/v${GECKODRIVER_VERSION}/geckodriver-v${GECKODRIVER_VERSION}-linux64.tar.gz"     &amp;&amp; tar -xzf /tmp/geckodriver.tar.gz -C /tmp/     &amp;&amp; mv /tmp/geckodriver /usr/local/bin/geckodriver     &amp;&amp; rm /tmp/geckodriver.tar.gz     &amp;&amp; chmod +x /usr/local/bin/geckodriver 

INFO[0042] Cmd: /bin/sh                                 

INFO[0042] Args: [-c wget -q -O /tmp/geckodriver.tar.gz "https://github.com/mozilla/geckodriver/releases/download/v${GECKODRIVER_VERSION}/geckodriver-v${GECKODRIVER_VERSION}-linux64.tar.gz"     &amp;&amp; tar -xzf /tmp/geckodriver.tar.gz -C /tmp/     &amp;&amp; mv /tmp/geckodriver /usr/local/bin/geckodriver     &amp;&amp; rm /tmp/geckodriver.tar.gz     &amp;&amp; chmod +x /usr/local/bin/geckodriver] 

INFO[0042] Running: [/bin/sh -c wget -q -O /tmp/geckodriver.tar.gz "https://github.com/mozilla/geckodriver/releases/download/v${GECKODRIVER_VERSION}/geckodriver-v${GECKODRIVER_VERSION}-linux64.tar.gz"     &amp;&amp; tar -xzf /tmp/geckodriver.tar.gz -C /tmp/     &amp;&amp; mv /tmp/geckodriver /usr/local/bin/geckodriver     &amp;&amp; rm /tmp/geckodriver.tar.gz     &amp;&amp; chmod +x /usr/local/bin/geckodriver] 

INFO[0042] Taking snapshot of full filesystem...        

INFO[0043] RUN mkdir -p /tmp/.mozilla     &amp;&amp; chmod 777 /tmp/.mozilla 

INFO[0043] Cmd: /bin/sh                                 

INFO[0043] Args: [-c mkdir -p /tmp/.mozilla     &amp;&amp; chmod 777 /tmp/.mozilla] 

INFO[0043] Running: [/bin/sh -c mkdir -p /tmp/.mozilla     &amp;&amp; chmod 777 /tmp/.mozilla] 

INFO[0043] Taking snapshot of full filesystem...        

INFO[0043] ENV FIREFOX_BIN=/usr/bin/firefox             

INFO[0043] ENV GECKODRIVER_BIN=/usr/local/bin/geckodriver 

INFO[0043] ENV MOZ_HEADLESS=1                           

INFO[0043] ENV DISPLAY=:99                              

INFO[0043] ENV MOZ_FORCE_DISABLE_E10S=1                 

INFO[0043] ENV MOZ_DISABLE_CONTENT_SANDBOX=1            

INFO[0043] ENV MOZ_DISABLE_GMP_SANDBOX=1                

INFO[0043] ENV MOZ_DISABLE_RDD_SANDBOX=1                

INFO[0043] ENV MOZ_DISABLE_SOCKET_PROCESS_SANDBOX=1     

INFO[0043] ENV MOZ_DISABLE_UTILITY_SANDBOX=1            

INFO[0043] WORKDIR /usr/src/app                         

INFO[0043] Cmd: workdir                                 

INFO[0043] Changed working directory to /usr/src/app    

INFO[0043] Creating directory /usr/src/app with uid -1 and gid -1 

INFO[0043] Taking snapshot of files...                  

INFO[0043] EXPOSE 4444                                  

INFO[0043] Cmd: EXPOSE                                  

INFO[0043] Adding exposed port: 4444/tcp                

INFO[0043] RUN echo '#!/bin/bash\nxvfb-run -a --server-args="-screen 0 1920x1080x24" "$@"' > /usr/local/bin/xvfb-run-safe     &amp;&amp; chmod +x /usr/local/bin/xvfb-run-safe 

INFO[0043] Cmd: /bin/sh                                 

INFO[0043] Args: [-c echo '#!/bin/bash\nxvfb-run -a --server-args="-screen 0 1920x1080x24" "$@"' > /usr/local/bin/xvfb-run-safe     &amp;&amp; chmod +x /usr/local/bin/xvfb-run-safe] 

INFO[0043] Running: [/bin/sh -c echo '#!/bin/bash\nxvfb-run -a --server-args="-screen 0 1920x1080x24" "$@"' > /usr/local/bin/xvfb-run-safe     &amp;&amp; chmod +x /usr/local/bin/xvfb-run-safe] 

INFO[0043] Taking snapshot of full filesystem...        

INFO[0043] RUN echo '#!/bin/bash\n    Xvfb :99 -screen 0 1920x1080x24 -ac &amp;\n    XVFB_PID=$!\n    \n    sleep 2\n    \n    "$@"\n    EXIT_CODE=$?\n    \n    kill $XVFB_PID\n    \n    exit $EXIT_CODE' > /usr/local/bin/with-xvfb     &amp;&amp; chmod +x /usr/local/bin/with-xvfb 

INFO[0043] Cmd: /bin/sh                                 

INFO[0043] Args: [-c echo '#!/bin/bash\n    Xvfb :99 -screen 0 1920x1080x24 -ac &amp;\n    XVFB_PID=$!\n    \n    sleep 2\n    \n    "$@"\n    EXIT_CODE=$?\n    \n    kill $XVFB_PID\n    \n    exit $EXIT_CODE' > /usr/local/bin/with-xvfb     &amp;&amp; chmod +x /usr/local/bin/with-xvfb] 

INFO[0043] Running: [/bin/sh -c echo '#!/bin/bash\n    Xvfb :99 -screen 0 1920x1080x24 -ac &amp;\n    XVFB_PID=$!\n    \n    sleep 2\n    \n    "$@"\n    EXIT_CODE=$?\n    \n    kill $XVFB_PID\n    \n    exit $EXIT_CODE' > /usr/local/bin/with-xvfb     &amp;&amp; chmod +x /usr/local/bin/with-xvfb] 

INFO[0043] Taking snapshot of full filesystem...        

INFO[0043] COPY run-tests.sh /usr/local/bin/run-tests.sh 

INFO[0043] Taking snapshot of files...                  

INFO[0043] RUN chmod +x /usr/local/bin/run-tests.sh     

INFO[0043] Cmd: /bin/sh                                 

INFO[0043] Args: [-c chmod +x /usr/local/bin/run-tests.sh] 

INFO[0043] Running: [/bin/sh -c chmod +x /usr/local/bin/run-tests.sh] 

INFO[0043] Taking snapshot of full filesystem...        

INFO[0043] No files were changed, appending empty layer to config. No layer added to image. 

INFO[0043] COPY harness-run-tests.sh /usr/local/bin/harness-run-tests.sh 

INFO[0043] Taking snapshot of files...                  

INFO[0043] RUN chmod +x /usr/local/bin/harness-run-tests.sh 

INFO[0043] Cmd: /bin/sh                                 

INFO[0043] Args: [-c chmod +x /usr/local/bin/harness-run-tests.sh] 

INFO[0043] Running: [/bin/sh -c chmod +x /usr/local/bin/harness-run-tests.sh] 

INFO[0043] Taking snapshot of full filesystem...        

INFO[0043] Pushing image to **************/maven-firefox:2.0.9 

INFO[0048] Pushed index.docker.io/**************/maven-firefox@sha256:c8ebb3bacc19bd9faad077342aaeb9a1f22ce8243e0d83bb0b793b7f4ff13d86 
